// Jest Snapshot v1, https://goo.gl/fbAQLP

exports[`SearchResults Match Snapshot 1`] = `
<div>
  No Search Results found
</div>
`;

exports[`SearchResults with mock data 1`] = `
<div
  className="container search-container"
>
  <hr />
  <p
    className="col text-center alert-light"
  >
    SEARCH results
  </p>
  <div
    className="search-results"
  >
    <div
      className="row"
      key="20132937"
    >
      <div
        className="col-6"
      >
        <a
          href="https://api.github.com/repos/source4code/repo"
          rel="noopener noreferrer"
          target="_blank"
        >
          source4code/repo
        </a>
        <p
          className="alert-light"
        >
          This repository contains all the source code for http://www.source4code.info
        </p>
      </div>
      <div
        className="col"
      >
        <span
          className="alert-light"
        >
          Stars:
        </span>
        <p
          className="h5 stars"
        >
          9
        </p>
      </div>
      <div
        className="col"
      >
        <span
          className="alert-light"
        >
          License
        </span>
        <p
          className="h5 license"
        >
          MIT License
        </p>
      </div>
    </div>
    <div
      className="row"
      key="30713379"
    >
      <div
        className="col-6"
      >
        <a
          href="https://api.github.com/repos/andersao/l5-repository"
          rel="noopener noreferrer"
          target="_blank"
        >
          andersao/l5-repository
        </a>
        <p
          className="alert-light"
        >
          Laravel 5 - Repositories to abstract the database layer
        </p>
      </div>
      <div
        className="col"
      >
        <span
          className="alert-light"
        >
          Stars:
        </span>
        <p
          className="h5 stars"
        >
          2992
        </p>
      </div>
      <div
        className="col"
      >
        <span
          className="alert-light"
        >
          License
        </span>
        <p
          className="h5 license"
        >
          MIT License
        </p>
      </div>
    </div>
  </div>
</div>
`;
